.next/dev/types/validator.ts(216,31): error TS2344: Type 'typeof import("C:/Users/Acer/OneDrive/Desktop/Peter I. W/AI/enterprise-hrms-saas-v2/src/app/api/branches/route")' does not satisfy the constraint 'RouteHandlerConfig<"/api/branches">'.
  Types of property 'POST' are incompatible.
    Type '(req: NextRequest, context?: ApiHandlerContext) => Promise<NextResponse<unknown>>' is not assignable to type '(request: NextRequest, context: { params: Promise<{}>; }) => void | Response | Promise<void | Response>'.
      Types of parameters 'context' and 'context' are incompatible.
        Type '{ params: Promise<{}>; }' is not assignable to type 'ApiHandlerContext'.
          Types of property 'params' are incompatible.
            Type 'Promise<{}>' is not assignable to type 'Record<string, string>'.
              Index signature for type 'string' is missing in type 'Promise<{}>'.
src/lib/api-middleware.ts(27,67): error TS2339: Property 'ip' does not exist on type 'NextRequest'.
src/lib/api-middleware.ts(47,38): error TS2345: Argument of type 'Request' is not assignable to parameter of type 'NextRequest'.
  Type 'Request' is missing the following properties from type 'NextRequest': cookies, nextUrl, page, ua
src/lib/api-middleware.ts(69,13): error TS2322: Type '{ message: string; } | null' is not assignable to type 'InputJsonValue | NullableJsonNullValueInput | undefined'.
  Type 'null' is not assignable to type 'InputJsonValue | NullableJsonNullValueInput | undefined'.
